// Jest Snapshot v1, https://goo.gl/fbAQLP

exports[`New should render the news item correctly 1`] = `
<View
  accessibilityState={
    {
      "busy": undefined,
      "checked": undefined,
      "disabled": undefined,
      "expanded": undefined,
      "selected": undefined,
    }
  }
  accessibilityValue={
    {
      "max": undefined,
      "min": undefined,
      "now": undefined,
      "text": undefined,
    }
  }
  accessible={true}
  collapsable={false}
  focusable={true}
  onClick={[Function]}
  onResponderGrant={[Function]}
  onResponderMove={[Function]}
  onResponderRelease={[Function]}
  onResponderTerminate={[Function]}
  onResponderTerminationRequest={[Function]}
  onStartShouldSetResponder={[Function]}
  style={
    {
      "opacity": 1,
    }
  }
>
  <View
    style={
      {
        "backgroundColor": "white",
        "borderRadius": 8,
        "marginBottom": 16,
        "padding": 16,
      }
    }
  >
    <Image
      resizeMode="contain"
      source={1}
      style={
        {
          "height": 200,
          "padding": 6,
          "width": 300,
        }
      }
    />
    <Text
      style={
        {
          "fontSize": 18,
          "fontWeight": "bold",
          "marginBottom": 8,
        }
      }
    >
      News Title
    </Text>
    <Text
      style={
        {
          "fontSize": 16,
          "marginBottom": 8,
        }
      }
    >
      News Description
    </Text>
    <Text
      style={
        {
          "color": "gray",
          "fontSize": 14,
        }
      }
    >
      John Doe
    </Text>
  </View>
</View>
`;
